// Jest Snapshot v1, https://goo.gl/fbAQLP

exports[`Pruebas en <GitExpertApp/> debe de mostrar correctamente 1`] = `
<div>
  <h1>
    GitExpertApp
  </h1>
  <AddCategory
    setCategories={[Function]}
  />
  <hr />
  <ol />
</div>
`;
